---
source: tests/wld.rs
expression: "&PARSED_WORLD.tiles[0][0..50]"
---
[
    Tile {
        tile_header: TileHeader {
            has_block: false,
            has_attributes: false,
            has_wall: false,
            liquid_type: None,
            has_extended_block_id: false,
            has_extended_attributes: false,
            rle_type: SingleByte,
        },
        block: None,
        wall: None,
        liquid: None,
        wiring: None,
        chest: None,
        sign: None,
        tile_entity: None,
        pressure_plate: None,
        run_length: RunLength(
            98,
        ),
    },
    Tile {
        tile_header: TileHeader {
            has_block: false,
            has_attributes: false,
            has_wall: false,
            liquid_type: None,
            has_extended_block_id: false,
            has_extended_attributes: false,
            rle_type: SingleByte,
        },
        block: None,
        wall: None,
        liquid: None,
        wiring: None,
        chest: None,
        sign: None,
        tile_entity: None,
        pressure_plate: None,
        run_length: RunLength(
            98,
        ),
    },
    Tile {
        tile_header: TileHeader {
            has_block: false,
            has_attributes: false,
            has_wall: false,
            liquid_type: None,
            has_extended_block_id: false,
            has_extended_attributes: false,
            rle_type: SingleByte,
        },
        block: None,
        wall: None,
        liquid: None,
        wiring: None,
        chest: None,
        sign: None,
        tile_entity: None,
        pressure_plate: None,
        run_length: RunLength(
            98,
        ),
    },
    Tile {
        tile_header: TileHeader {
            has_block: false,
            has_attributes: false,
            has_wall: false,
            liquid_type: None,
            has_extended_block_id: false,
            has_extended_attributes: false,
            rle_type: SingleByte,
        },
        block: None,
        wall: None,
        liquid: None,
        wiring: None,
        chest: None,
        sign: None,
        tile_entity: None,
        pressure_plate: None,
        run_length: RunLength(
            98,
        ),
    },
    Tile {
        tile_header: TileHeader {
            has_block: false,
            has_attributes: false,
            has_wall: false,
            liquid_type: None,
            has_extended_block_id: false,
            has_extended_attributes: false,
            rle_type: SingleByte,
        },
        block: None,
        wall: None,
        liquid: None,
        wiring: None,
        chest: None,
        sign: None,
        tile_entity: None,
        pressure_plate: None,
        run_length: RunLength(
            98,
        ),
    },
    Tile {
        tile_header: TileHeader {
            has_block: false,
            has_attributes: false,
            has_wall: false,
            liquid_type: None,
            has_extended_block_id: false,
            has_extended_attributes: false,
            rle_type: SingleByte,
        },
        block: None,
        wall: None,
        liquid: None,
        wiring: None,
        chest: None,
        sign: None,
        tile_entity: None,
        pressure_plate: None,
        run_length: RunLength(
            98,
        ),
    },
    Tile {
        tile_header: TileHeader {
            has_block: false,
            has_attributes: false,
            has_wall: false,
            liquid_type: None,
            has_extended_block_id: false,
            has_extended_attributes: false,
            rle_type: SingleByte,
        },
        block: None,
        wall: None,
        liquid: None,
        wiring: None,
        chest: None,
        sign: None,
        tile_entity: None,
        pressure_plate: None,
        run_length: RunLength(
            98,
        ),
    },
    Tile {
        tile_header: TileHeader {
            has_block: false,
            has_attributes: false,
            has_wall: false,
            liquid_type: None,
            has_extended_block_id: false,
            has_extended_attributes: false,
            rle_type: SingleByte,
        },
        block: None,
        wall: None,
        liquid: None,
        wiring: None,
        chest: None,
        sign: None,
        tile_entity: None,
        pressure_plate: None,
        run_length: RunLength(
            98,
        ),
    },
    Tile {
        tile_header: TileHeader {
            has_block: false,
            has_attributes: false,
            has_wall: false,
            liquid_type: None,
            has_extended_block_id: false,
            has_extended_attributes: false,
            rle_type: SingleByte,
        },
        block: None,
        wall: None,
        liquid: None,
        wiring: None,
        chest: None,
        sign: None,
        tile_entity: None,
        pressure_plate: None,
        run_length: RunLength(
            98,
        ),
    },
    Tile {
        tile_header: TileHeader {
            has_block: false,
            has_attributes: false,
            has_wall: false,
            liquid_type: None,
            has_extended_block_id: false,
            has_extended_attributes: false,
            rle_type: SingleByte,
        },
        block: None,
        wall: None,
        liquid: None,
        wiring: None,
        chest: None,
        sign: None,
        tile_entity: None,
        pressure_plate: None,
        run_length: RunLength(
            98,
        ),
    },
    Tile {
        tile_header: TileHeader {
            has_block: false,
            has_attributes: false,
            has_wall: false,
            liquid_type: None,
            has_extended_block_id: false,
            has_extended_attributes: false,
            rle_type: SingleByte,
        },
        block: None,
        wall: None,
        liquid: None,
        wiring: None,
        chest: None,
        sign: None,
        tile_entity: None,
        pressure_plate: None,
        run_length: RunLength(
            98,
        ),
    },
    Tile {
        tile_header: TileHeader {
            has_block: false,
            has_attributes: false,
            has_wall: false,
            liquid_type: None,
            has_extended_block_id: false,
            has_extended_attributes: false,
            rle_type: SingleByte,
        },
        block: None,
        wall: None,
        liquid: None,
        wiring: None,
        chest: None,
        sign: None,
        tile_entity: None,
        pressure_plate: None,
        run_length: RunLength(
            98,
        ),
    },
    Tile {
        tile_header: TileHeader {
            has_block: false,
            has_attributes: false,
            has_wall: false,
            liquid_type: None,
            has_extended_block_id: false,
            has_extended_attributes: false,
            rle_type: SingleByte,
        },
        block: None,
        wall: None,
        liquid: None,
        wiring: None,
        chest: None,
        sign: None,
        tile_entity: None,
        pressure_plate: None,
        run_length: RunLength(
            98,
        ),
    },
    Tile {
        tile_header: TileHeader {
            has_block: false,
            has_attributes: false,
            has_wall: false,
            liquid_type: None,
            has_extended_block_id: false,
            has_extended_attributes: false,
            rle_type: SingleByte,
        },
        block: None,
        wall: None,
        liquid: None,
        wiring: None,
        chest: None,
        sign: None,
        tile_entity: None,
        pressure_plate: None,
        run_length: RunLength(
            98,
        ),
    },
    Tile {
        tile_header: TileHeader {
            has_block: false,
            has_attributes: false,
            has_wall: false,
            liquid_type: None,
            has_extended_block_id: false,
            has_extended_attributes: false,
            rle_type: SingleByte,
        },
        block: None,
        wall: None,
        liquid: None,
        wiring: None,
        chest: None,
        sign: None,
        tile_entity: None,
        pressure_plate: None,
        run_length: RunLength(
            98,
        ),
    },
    Tile {
        tile_header: TileHeader {
            has_block: false,
            has_attributes: false,
            has_wall: false,
            liquid_type: None,
            has_extended_block_id: false,
            has_extended_attributes: false,
            rle_type: SingleByte,
        },
        block: None,
        wall: None,
        liquid: None,
        wiring: None,
        chest: None,
        sign: None,
        tile_entity: None,
        pressure_plate: None,
        run_length: RunLength(
            98,
        ),
    },
    Tile {
        tile_header: TileHeader {
            has_block: false,
            has_attributes: false,
            has_wall: false,
            liquid_type: None,
            has_extended_block_id: false,
            has_extended_attributes: false,
            rle_type: SingleByte,
        },
        block: None,
        wall: None,
        liquid: None,
        wiring: None,
        chest: None,
        sign: None,
        tile_entity: None,
        pressure_plate: None,
        run_length: RunLength(
            98,
        ),
    },
    Tile {
        tile_header: TileHeader {
            has_block: false,
            has_attributes: false,
            has_wall: false,
            liquid_type: None,
            has_extended_block_id: false,
            has_extended_attributes: false,
            rle_type: SingleByte,
        },
        block: None,
        wall: None,
        liquid: None,
        wiring: None,
        chest: None,
        sign: None,
        tile_entity: None,
        pressure_plate: None,
        run_length: RunLength(
            98,
        ),
    },
    Tile {
        tile_header: TileHeader {
            has_block: false,
            has_attributes: false,
            has_wall: false,
            liquid_type: None,
            has_extended_block_id: false,
            has_extended_attributes: false,
            rle_type: SingleByte,
        },
        block: None,
        wall: None,
        liquid: None,
        wiring: None,
        chest: None,
        sign: None,
        tile_entity: None,
        pressure_plate: None,
        run_length: RunLength(
            98,
        ),
    },
    Tile {
        tile_header: TileHeader {
            has_block: false,
            has_attributes: false,
            has_wall: false,
            liquid_type: None,
            has_extended_block_id: false,
            has_extended_attributes: false,
            rle_type: SingleByte,
        },
        block: None,
        wall: None,
        liquid: None,
        wiring: None,
        chest: None,
        sign: None,
        tile_entity: None,
        pressure_plate: None,
        run_length: RunLength(
            98,
        ),
    },
    Tile {
        tile_header: TileHeader {
            has_block: false,
            has_attributes: false,
            has_wall: false,
            liquid_type: None,
            has_extended_block_id: false,
            has_extended_attributes: false,
            rle_type: SingleByte,
        },
        block: None,
        wall: None,
        liquid: None,
        wiring: None,
        chest: None,
        sign: None,
        tile_entity: None,
        pressure_plate: None,
        run_length: RunLength(
            98,
        ),
    },
    Tile {
        tile_header: TileHeader {
            has_block: false,
            has_attributes: false,
            has_wall: false,
            liquid_type: None,
            has_extended_block_id: false,
            has_extended_attributes: false,
            rle_type: SingleByte,
        },
        block: None,
        wall: None,
        liquid: None,
        wiring: None,
        chest: None,
        sign: None,
        tile_entity: None,
        pressure_plate: None,
        run_length: RunLength(
            98,
        ),
    },
    Tile {
        tile_header: TileHeader {
            has_block: false,
            has_attributes: false,
            has_wall: false,
            liquid_type: None,
            has_extended_block_id: false,
            has_extended_attributes: false,
            rle_type: SingleByte,
        },
        block: None,
        wall: None,
        liquid: None,
        wiring: None,
        chest: None,
        sign: None,
        tile_entity: None,
        pressure_plate: None,
        run_length: RunLength(
            98,
        ),
    },
    Tile {
        tile_header: TileHeader {
            has_block: false,
            has_attributes: false,
            has_wall: false,
            liquid_type: None,
            has_extended_block_id: false,
            has_extended_attributes: false,
            rle_type: SingleByte,
        },
        block: None,
        wall: None,
        liquid: None,
        wiring: None,
        chest: None,
        sign: None,
        tile_entity: None,
        pressure_plate: None,
        run_length: RunLength(
            98,
        ),
    },
    Tile {
        tile_header: TileHeader {
            has_block: false,
            has_attributes: false,
            has_wall: false,
            liquid_type: None,
            has_extended_block_id: false,
            has_extended_attributes: false,
            rle_type: SingleByte,
        },
        block: None,
        wall: None,
        liquid: None,
        wiring: None,
        chest: None,
        sign: None,
        tile_entity: None,
        pressure_plate: None,
        run_length: RunLength(
            98,
        ),
    },
    Tile {
        tile_header: TileHeader {
            has_block: false,
            has_attributes: false,
            has_wall: false,
            liquid_type: None,
            has_extended_block_id: false,
            has_extended_attributes: false,
            rle_type: SingleByte,
        },
        block: None,
        wall: None,
        liquid: None,
        wiring: None,
        chest: None,
        sign: None,
        tile_entity: None,
        pressure_plate: None,
        run_length: RunLength(
            98,
        ),
    },
    Tile {
        tile_header: TileHeader {
            has_block: false,
            has_attributes: false,
            has_wall: false,
            liquid_type: None,
            has_extended_block_id: false,
            has_extended_attributes: false,
            rle_type: SingleByte,
        },
        block: None,
        wall: None,
        liquid: None,
        wiring: None,
        chest: None,
        sign: None,
        tile_entity: None,
        pressure_plate: None,
        run_length: RunLength(
            98,
        ),
    },
    Tile {
        tile_header: TileHeader {
            has_block: false,
            has_attributes: false,
            has_wall: false,
            liquid_type: None,
            has_extended_block_id: false,
            has_extended_attributes: false,
            rle_type: SingleByte,
        },
        block: None,
        wall: None,
        liquid: None,
        wiring: None,
        chest: None,
        sign: None,
        tile_entity: None,
        pressure_plate: None,
        run_length: RunLength(
            98,
        ),
    },
    Tile {
        tile_header: TileHeader {
            has_block: false,
            has_attributes: false,
            has_wall: false,
            liquid_type: None,
            has_extended_block_id: false,
            has_extended_attributes: false,
            rle_type: SingleByte,
        },
        block: None,
        wall: None,
        liquid: None,
        wiring: None,
        chest: None,
        sign: None,
        tile_entity: None,
        pressure_plate: None,
        run_length: RunLength(
            98,
        ),
    },
    Tile {
        tile_header: TileHeader {
            has_block: false,
            has_attributes: false,
            has_wall: false,
            liquid_type: None,
            has_extended_block_id: false,
            has_extended_attributes: false,
            rle_type: SingleByte,
        },
        block: None,
        wall: None,
        liquid: None,
        wiring: None,
        chest: None,
        sign: None,
        tile_entity: None,
        pressure_plate: None,
        run_length: RunLength(
            98,
        ),
    },
    Tile {
        tile_header: TileHeader {
            has_block: false,
            has_attributes: false,
            has_wall: false,
            liquid_type: None,
            has_extended_block_id: false,
            has_extended_attributes: false,
            rle_type: SingleByte,
        },
        block: None,
        wall: None,
        liquid: None,
        wiring: None,
        chest: None,
        sign: None,
        tile_entity: None,
        pressure_plate: None,
        run_length: RunLength(
            98,
        ),
    },
    Tile {
        tile_header: TileHeader {
            has_block: false,
            has_attributes: false,
            has_wall: false,
            liquid_type: None,
            has_extended_block_id: false,
            has_extended_attributes: false,
            rle_type: SingleByte,
        },
        block: None,
        wall: None,
        liquid: None,
        wiring: None,
        chest: None,
        sign: None,
        tile_entity: None,
        pressure_plate: None,
        run_length: RunLength(
            98,
        ),
    },
    Tile {
        tile_header: TileHeader {
            has_block: false,
            has_attributes: false,
            has_wall: false,
            liquid_type: None,
            has_extended_block_id: false,
            has_extended_attributes: false,
            rle_type: SingleByte,
        },
        block: None,
        wall: None,
        liquid: None,
        wiring: None,
        chest: None,
        sign: None,
        tile_entity: None,
        pressure_plate: None,
        run_length: RunLength(
            98,
        ),
    },
    Tile {
        tile_header: TileHeader {
            has_block: false,
            has_attributes: false,
            has_wall: false,
            liquid_type: None,
            has_extended_block_id: false,
            has_extended_attributes: false,
            rle_type: SingleByte,
        },
        block: None,
        wall: None,
        liquid: None,
        wiring: None,
        chest: None,
        sign: None,
        tile_entity: None,
        pressure_plate: None,
        run_length: RunLength(
            98,
        ),
    },
    Tile {
        tile_header: TileHeader {
            has_block: false,
            has_attributes: false,
            has_wall: false,
            liquid_type: None,
            has_extended_block_id: false,
            has_extended_attributes: false,
            rle_type: SingleByte,
        },
        block: None,
        wall: None,
        liquid: None,
        wiring: None,
        chest: None,
        sign: None,
        tile_entity: None,
        pressure_plate: None,
        run_length: RunLength(
            98,
        ),
    },
    Tile {
        tile_header: TileHeader {
            has_block: false,
            has_attributes: false,
            has_wall: false,
            liquid_type: None,
            has_extended_block_id: false,
            has_extended_attributes: false,
            rle_type: SingleByte,
        },
        block: None,
        wall: None,
        liquid: None,
        wiring: None,
        chest: None,
        sign: None,
        tile_entity: None,
        pressure_plate: None,
        run_length: RunLength(
            98,
        ),
    },
    Tile {
        tile_header: TileHeader {
            has_block: false,
            has_attributes: false,
            has_wall: false,
            liquid_type: None,
            has_extended_block_id: false,
            has_extended_attributes: false,
            rle_type: SingleByte,
        },
        block: None,
        wall: None,
        liquid: None,
        wiring: None,
        chest: None,
        sign: None,
        tile_entity: None,
        pressure_plate: None,
        run_length: RunLength(
            98,
        ),
    },
    Tile {
        tile_header: TileHeader {
            has_block: false,
            has_attributes: false,
            has_wall: false,
            liquid_type: None,
            has_extended_block_id: false,
            has_extended_attributes: false,
            rle_type: SingleByte,
        },
        block: None,
        wall: None,
        liquid: None,
        wiring: None,
        chest: None,
        sign: None,
        tile_entity: None,
        pressure_plate: None,
        run_length: RunLength(
            98,
        ),
    },
    Tile {
        tile_header: TileHeader {
            has_block: false,
            has_attributes: false,
            has_wall: false,
            liquid_type: None,
            has_extended_block_id: false,
            has_extended_attributes: false,
            rle_type: SingleByte,
        },
        block: None,
        wall: None,
        liquid: None,
        wiring: None,
        chest: None,
        sign: None,
        tile_entity: None,
        pressure_plate: None,
        run_length: RunLength(
            98,
        ),
    },
    Tile {
        tile_header: TileHeader {
            has_block: false,
            has_attributes: false,
            has_wall: false,
            liquid_type: None,
            has_extended_block_id: false,
            has_extended_attributes: false,
            rle_type: SingleByte,
        },
        block: None,
        wall: None,
        liquid: None,
        wiring: None,
        chest: None,
        sign: None,
        tile_entity: None,
        pressure_plate: None,
        run_length: RunLength(
            98,
        ),
    },
    Tile {
        tile_header: TileHeader {
            has_block: false,
            has_attributes: false,
            has_wall: false,
            liquid_type: None,
            has_extended_block_id: false,
            has_extended_attributes: false,
            rle_type: SingleByte,
        },
        block: None,
        wall: None,
        liquid: None,
        wiring: None,
        chest: None,
        sign: None,
        tile_entity: None,
        pressure_plate: None,
        run_length: RunLength(
            98,
        ),
    },
    Tile {
        tile_header: TileHeader {
            has_block: false,
            has_attributes: false,
            has_wall: false,
            liquid_type: None,
            has_extended_block_id: false,
            has_extended_attributes: false,
            rle_type: SingleByte,
        },
        block: None,
        wall: None,
        liquid: None,
        wiring: None,
        chest: None,
        sign: None,
        tile_entity: None,
        pressure_plate: None,
        run_length: RunLength(
            98,
        ),
    },
    Tile {
        tile_header: TileHeader {
            has_block: false,
            has_attributes: false,
            has_wall: false,
            liquid_type: None,
            has_extended_block_id: false,
            has_extended_attributes: false,
            rle_type: SingleByte,
        },
        block: None,
        wall: None,
        liquid: None,
        wiring: None,
        chest: None,
        sign: None,
        tile_entity: None,
        pressure_plate: None,
        run_length: RunLength(
            98,
        ),
    },
    Tile {
        tile_header: TileHeader {
            has_block: false,
            has_attributes: false,
            has_wall: false,
            liquid_type: None,
            has_extended_block_id: false,
            has_extended_attributes: false,
            rle_type: SingleByte,
        },
        block: None,
        wall: None,
        liquid: None,
        wiring: None,
        chest: None,
        sign: None,
        tile_entity: None,
        pressure_plate: None,
        run_length: RunLength(
            98,
        ),
    },
    Tile {
        tile_header: TileHeader {
            has_block: false,
            has_attributes: false,
            has_wall: false,
            liquid_type: None,
            has_extended_block_id: false,
            has_extended_attributes: false,
            rle_type: SingleByte,
        },
        block: None,
        wall: None,
        liquid: None,
        wiring: None,
        chest: None,
        sign: None,
        tile_entity: None,
        pressure_plate: None,
        run_length: RunLength(
            98,
        ),
    },
    Tile {
        tile_header: TileHeader {
            has_block: false,
            has_attributes: false,
            has_wall: false,
            liquid_type: None,
            has_extended_block_id: false,
            has_extended_attributes: false,
            rle_type: SingleByte,
        },
        block: None,
        wall: None,
        liquid: None,
        wiring: None,
        chest: None,
        sign: None,
        tile_entity: None,
        pressure_plate: None,
        run_length: RunLength(
            98,
        ),
    },
    Tile {
        tile_header: TileHeader {
            has_block: false,
            has_attributes: false,
            has_wall: false,
            liquid_type: None,
            has_extended_block_id: false,
            has_extended_attributes: false,
            rle_type: SingleByte,
        },
        block: None,
        wall: None,
        liquid: None,
        wiring: None,
        chest: None,
        sign: None,
        tile_entity: None,
        pressure_plate: None,
        run_length: RunLength(
            98,
        ),
    },
    Tile {
        tile_header: TileHeader {
            has_block: false,
            has_attributes: false,
            has_wall: false,
            liquid_type: None,
            has_extended_block_id: false,
            has_extended_attributes: false,
            rle_type: SingleByte,
        },
        block: None,
        wall: None,
        liquid: None,
        wiring: None,
        chest: None,
        sign: None,
        tile_entity: None,
        pressure_plate: None,
        run_length: RunLength(
            98,
        ),
    },
    Tile {
        tile_header: TileHeader {
            has_block: false,
            has_attributes: false,
            has_wall: false,
            liquid_type: None,
            has_extended_block_id: false,
            has_extended_attributes: false,
            rle_type: SingleByte,
        },
        block: None,
        wall: None,
        liquid: None,
        wiring: None,
        chest: None,
        sign: None,
        tile_entity: None,
        pressure_plate: None,
        run_length: RunLength(
            98,
        ),
    },
    Tile {
        tile_header: TileHeader {
            has_block: false,
            has_attributes: false,
            has_wall: false,
            liquid_type: None,
            has_extended_block_id: false,
            has_extended_attributes: false,
            rle_type: SingleByte,
        },
        block: None,
        wall: None,
        liquid: None,
        wiring: None,
        chest: None,
        sign: None,
        tile_entity: None,
        pressure_plate: None,
        run_length: RunLength(
            98,
        ),
    },
]
