---
source: tests/wld.rs
expression: "&PARSED_WORLD.tiles[0][0..50]"
---
[
    Tile {
        block: None,
        wall: None,
        liquid: None,
        wiring: None,
        chest: None,
        sign: None,
        run_length: 98,
        tile_entity: None,
    },
    Tile {
        block: None,
        wall: None,
        liquid: None,
        wiring: None,
        chest: None,
        sign: None,
        run_length: 98,
        tile_entity: None,
    },
    Tile {
        block: None,
        wall: None,
        liquid: None,
        wiring: None,
        chest: None,
        sign: None,
        run_length: 98,
        tile_entity: None,
    },
    Tile {
        block: None,
        wall: None,
        liquid: None,
        wiring: None,
        chest: None,
        sign: None,
        run_length: 98,
        tile_entity: None,
    },
    Tile {
        block: None,
        wall: None,
        liquid: None,
        wiring: None,
        chest: None,
        sign: None,
        run_length: 98,
        tile_entity: None,
    },
    Tile {
        block: None,
        wall: None,
        liquid: None,
        wiring: None,
        chest: None,
        sign: None,
        run_length: 98,
        tile_entity: None,
    },
    Tile {
        block: None,
        wall: None,
        liquid: None,
        wiring: None,
        chest: None,
        sign: None,
        run_length: 98,
        tile_entity: None,
    },
    Tile {
        block: None,
        wall: None,
        liquid: None,
        wiring: None,
        chest: None,
        sign: None,
        run_length: 98,
        tile_entity: None,
    },
    Tile {
        block: None,
        wall: None,
        liquid: None,
        wiring: None,
        chest: None,
        sign: None,
        run_length: 98,
        tile_entity: None,
    },
    Tile {
        block: None,
        wall: None,
        liquid: None,
        wiring: None,
        chest: None,
        sign: None,
        run_length: 98,
        tile_entity: None,
    },
    Tile {
        block: None,
        wall: None,
        liquid: None,
        wiring: None,
        chest: None,
        sign: None,
        run_length: 98,
        tile_entity: None,
    },
    Tile {
        block: None,
        wall: None,
        liquid: None,
        wiring: None,
        chest: None,
        sign: None,
        run_length: 98,
        tile_entity: None,
    },
    Tile {
        block: None,
        wall: None,
        liquid: None,
        wiring: None,
        chest: None,
        sign: None,
        run_length: 98,
        tile_entity: None,
    },
    Tile {
        block: None,
        wall: None,
        liquid: None,
        wiring: None,
        chest: None,
        sign: None,
        run_length: 98,
        tile_entity: None,
    },
    Tile {
        block: None,
        wall: None,
        liquid: None,
        wiring: None,
        chest: None,
        sign: None,
        run_length: 98,
        tile_entity: None,
    },
    Tile {
        block: None,
        wall: None,
        liquid: None,
        wiring: None,
        chest: None,
        sign: None,
        run_length: 98,
        tile_entity: None,
    },
    Tile {
        block: None,
        wall: None,
        liquid: None,
        wiring: None,
        chest: None,
        sign: None,
        run_length: 98,
        tile_entity: None,
    },
    Tile {
        block: None,
        wall: None,
        liquid: None,
        wiring: None,
        chest: None,
        sign: None,
        run_length: 98,
        tile_entity: None,
    },
    Tile {
        block: None,
        wall: None,
        liquid: None,
        wiring: None,
        chest: None,
        sign: None,
        run_length: 98,
        tile_entity: None,
    },
    Tile {
        block: None,
        wall: None,
        liquid: None,
        wiring: None,
        chest: None,
        sign: None,
        run_length: 98,
        tile_entity: None,
    },
    Tile {
        block: None,
        wall: None,
        liquid: None,
        wiring: None,
        chest: None,
        sign: None,
        run_length: 98,
        tile_entity: None,
    },
    Tile {
        block: None,
        wall: None,
        liquid: None,
        wiring: None,
        chest: None,
        sign: None,
        run_length: 98,
        tile_entity: None,
    },
    Tile {
        block: None,
        wall: None,
        liquid: None,
        wiring: None,
        chest: None,
        sign: None,
        run_length: 98,
        tile_entity: None,
    },
    Tile {
        block: None,
        wall: None,
        liquid: None,
        wiring: None,
        chest: None,
        sign: None,
        run_length: 98,
        tile_entity: None,
    },
    Tile {
        block: None,
        wall: None,
        liquid: None,
        wiring: None,
        chest: None,
        sign: None,
        run_length: 98,
        tile_entity: None,
    },
    Tile {
        block: None,
        wall: None,
        liquid: None,
        wiring: None,
        chest: None,
        sign: None,
        run_length: 98,
        tile_entity: None,
    },
    Tile {
        block: None,
        wall: None,
        liquid: None,
        wiring: None,
        chest: None,
        sign: None,
        run_length: 98,
        tile_entity: None,
    },
    Tile {
        block: None,
        wall: None,
        liquid: None,
        wiring: None,
        chest: None,
        sign: None,
        run_length: 98,
        tile_entity: None,
    },
    Tile {
        block: None,
        wall: None,
        liquid: None,
        wiring: None,
        chest: None,
        sign: None,
        run_length: 98,
        tile_entity: None,
    },
    Tile {
        block: None,
        wall: None,
        liquid: None,
        wiring: None,
        chest: None,
        sign: None,
        run_length: 98,
        tile_entity: None,
    },
    Tile {
        block: None,
        wall: None,
        liquid: None,
        wiring: None,
        chest: None,
        sign: None,
        run_length: 98,
        tile_entity: None,
    },
    Tile {
        block: None,
        wall: None,
        liquid: None,
        wiring: None,
        chest: None,
        sign: None,
        run_length: 98,
        tile_entity: None,
    },
    Tile {
        block: None,
        wall: None,
        liquid: None,
        wiring: None,
        chest: None,
        sign: None,
        run_length: 98,
        tile_entity: None,
    },
    Tile {
        block: None,
        wall: None,
        liquid: None,
        wiring: None,
        chest: None,
        sign: None,
        run_length: 98,
        tile_entity: None,
    },
    Tile {
        block: None,
        wall: None,
        liquid: None,
        wiring: None,
        chest: None,
        sign: None,
        run_length: 98,
        tile_entity: None,
    },
    Tile {
        block: None,
        wall: None,
        liquid: None,
        wiring: None,
        chest: None,
        sign: None,
        run_length: 98,
        tile_entity: None,
    },
    Tile {
        block: None,
        wall: None,
        liquid: None,
        wiring: None,
        chest: None,
        sign: None,
        run_length: 98,
        tile_entity: None,
    },
    Tile {
        block: None,
        wall: None,
        liquid: None,
        wiring: None,
        chest: None,
        sign: None,
        run_length: 98,
        tile_entity: None,
    },
    Tile {
        block: None,
        wall: None,
        liquid: None,
        wiring: None,
        chest: None,
        sign: None,
        run_length: 98,
        tile_entity: None,
    },
    Tile {
        block: None,
        wall: None,
        liquid: None,
        wiring: None,
        chest: None,
        sign: None,
        run_length: 98,
        tile_entity: None,
    },
    Tile {
        block: None,
        wall: None,
        liquid: None,
        wiring: None,
        chest: None,
        sign: None,
        run_length: 98,
        tile_entity: None,
    },
    Tile {
        block: None,
        wall: None,
        liquid: None,
        wiring: None,
        chest: None,
        sign: None,
        run_length: 98,
        tile_entity: None,
    },
    Tile {
        block: None,
        wall: None,
        liquid: None,
        wiring: None,
        chest: None,
        sign: None,
        run_length: 98,
        tile_entity: None,
    },
    Tile {
        block: None,
        wall: None,
        liquid: None,
        wiring: None,
        chest: None,
        sign: None,
        run_length: 98,
        tile_entity: None,
    },
    Tile {
        block: None,
        wall: None,
        liquid: None,
        wiring: None,
        chest: None,
        sign: None,
        run_length: 98,
        tile_entity: None,
    },
    Tile {
        block: None,
        wall: None,
        liquid: None,
        wiring: None,
        chest: None,
        sign: None,
        run_length: 98,
        tile_entity: None,
    },
    Tile {
        block: None,
        wall: None,
        liquid: None,
        wiring: None,
        chest: None,
        sign: None,
        run_length: 98,
        tile_entity: None,
    },
    Tile {
        block: None,
        wall: None,
        liquid: None,
        wiring: None,
        chest: None,
        sign: None,
        run_length: 98,
        tile_entity: None,
    },
    Tile {
        block: None,
        wall: None,
        liquid: None,
        wiring: None,
        chest: None,
        sign: None,
        run_length: 98,
        tile_entity: None,
    },
    Tile {
        block: None,
        wall: None,
        liquid: None,
        wiring: None,
        chest: None,
        sign: None,
        run_length: 98,
        tile_entity: None,
    },
]
