---
source: tests/wld.rs
expression: PARSED_WORLD.npcs
---
NPCVec(
    [
        NPC {
            entity_type: OldMan,
            position_x: 54816.504,
            position_y: 3336.0,
            name: TString(
                "",
                1,
            ),
            home_position: Some(
                Position {
                    x: 3426,
                    y: 211,
                },
            ),
            is_homeless: False,
        },
        NPC {
            entity_type: Guide,
            position_x: 30897.0,
            position_y: 6168.0,
            name: TString(
                "Asher",
                1,
            ),
            home_position: Some(
                Position {
                    x: 1929,
                    y: 388,
                },
            ),
            is_homeless: False,
        },
        NPC {
            entity_type: Merchant,
            position_x: 34435.805,
            position_y: 3640.0,
            name: TString(
                "Louis",
                1,
            ),
            home_position: Some(
                Position {
                    x: 2102,
                    y: 229,
                },
            ),
            is_homeless: False,
        },
        NPC {
            entity_type: Nurse,
            position_x: 34006.137,
            position_y: 3656.0,
            name: TString(
                "Emma",
                1,
            ),
            home_position: Some(
                Position {
                    x: 2127,
                    y: 231,
                },
            ),
            is_homeless: False,
        },
        NPC {
            entity_type: Angler,
            position_x: 9471.102,
            position_y: 3592.0,
            name: TString(
                "Bobby",
                1,
            ),
            home_position: Some(
                Position {
                    x: 606,
                    y: 234,
                },
            ),
            is_homeless: False,
        },
        NPC {
            entity_type: Demolitionist,
            position_x: 9656.912,
            position_y: 3592.0,
            name: TString(
                "Urist",
                1,
            ),
            home_position: Some(
                Position {
                    x: 611,
                    y: 227,
                },
            ),
            is_homeless: False,
        },
        NPC {
            entity_type: Dryad,
            position_x: 10332.0205,
            position_y: 3280.0,
            name: TString(
                "Chryseis",
                1,
            ),
            home_position: Some(
                Position {
                    x: 616,
                    y: 220,
                },
            ),
            is_homeless: False,
        },
        NPC {
            entity_type: ArmsDealer,
            position_x: 9624.998,
            position_y: 3400.0,
            name: TString(
                "Darius",
                1,
            ),
            home_position: Some(
                Position {
                    x: 602,
                    y: 220,
                },
            ),
            is_homeless: False,
        },
        NPC {
            entity_type: Dd2bartender,
            position_x: 34137.824,
            position_y: 3656.0,
            name: TString(
                "Jerry",
                1,
            ),
            home_position: Some(
                Position {
                    x: 2159,
                    y: 230,
                },
            ),
            is_homeless: False,
        },
        NPC {
            entity_type: DyeTrader,
            position_x: 10342.9,
            position_y: 3272.0,
            name: TString(
                "Hannibal",
                1,
            ),
            home_position: Some(
                Position {
                    x: 613,
                    y: 215,
                },
            ),
            is_homeless: False,
        },
        NPC {
            entity_type: GoblinTinkerer,
            position_x: 9514.8545,
            position_y: 3403.1455,
            name: TString(
                "Grodax",
                1,
            ),
            home_position: Some(
                Position {
                    x: 607,
                    y: 215,
                },
            ),
            is_homeless: False,
        },
    ],
)
